* CLEAR_SETS.ANS

* Clear internal SETs that have been created for REG just processed, 
* so ready for next REG in LOOP.


* Clear SETs in PRC_MAPIRE.ANS.

* Do not clear PRC_MAP set in PRC_MAPIRE.ANS!! This is a TIMES SET.
*OPTION CLEAR = PRC_MAP;


* Clear SETs in SGROUPSNEW.ANS.

OPTION CLEAR = COM_DEM;
OPTION CLEAR = COM_NRG;
OPTION CLEAR = COM_MAT;
OPTION CLEAR = COM_MATVOL;
OPTION CLEAR = COM_MATWT;
OPTION CLEAR = COM_ENV;
OPTION CLEAR = COM_FIN;
OPTION CLEAR = COM_DEMAGR
OPTION CLEAR = COM_DEMCOM;
OPTION CLEAR = COM_DEMIND;
OPTION CLEAR = COM_DEMNE;
OPTION CLEAR = COM_DEMOTH;
OPTION CLEAR = COM_DEMRES;
OPTION CLEAR = COM_DEMTRN;
OPTION CLEAR = COM_NRGCSV;
OPTION CLEAR = COM_NRGELC;
OPTION CLEAR = COM_NRGFOS;
OPTION CLEAR = COM_NRGHTH;
OPTION CLEAR = COM_NRGLIM;
OPTION CLEAR = COM_NRGLTH;
OPTION CLEAR = COM_NRGNUC;
OPTION CLEAR = COM_NRGSYN;
OPTION CLEAR = COM_NRGFRE;
OPTION CLEAR = COM_NRGFOS1;
OPTION CLEAR = COM_ENVGHG;
OPTION CLEAR = COM_ENVOTH;
* Do not clear COM_TSL in SGROUPSNEW.ANS!! This is a TIMES SET.
*OPTION CLEAR = COM_TSL;
OPTION CLEAR = COM_ANNUAL;
OPTION CLEAR = COM_SEASON;
OPTION CLEAR = COM_WEEKLY;
OPTION CLEAR = COM_DAYNIT;
OPTION CLEAR = COM_ANNUAL1;
OPTION CLEAR = PRC_CHP;
OPTION CLEAR = PRC_DMD;
OPTION CLEAR = PRC_ELE;
OPTION CLEAR = PRC_PRE;
OPTION CLEAR = PRC_HPL;
OPTION CLEAR = PRC_PRW;
OPTION CLEAR = PRC_PRV;
OPTION CLEAR = PRC_MISC;
OPTION CLEAR = PRC_XTRACT;
OPTION CLEAR = PRC_IRE;
OPTION CLEAR = PRC_NST;
OPTION CLEAR = PRC_REF;
OPTION CLEAR = PRC_RENEW;
OPTION CLEAR = PRC_STK;
OPTION CLEAR = PRC_DISTR;
OPTION CLEAR = PRC_STG;
* Do not clear PRC_TSL in SGROUPSNEW.ANS!! This is a TIMES SET.
*OPTION CLEAR = PRC_TSL;
OPTION CLEAR = PRC_ANNUAL;
OPTION CLEAR = PRC_SEASON;
OPTION CLEAR = PRC_WEEKLY;
OPTION CLEAR = PRC_DAYNIT;
OPTION CLEAR = PRC_ANNUAL1;
OPTION CLEAR = TS_ANNUAL;
OPTION CLEAR = TS_SEASON;
OPTION CLEAR = TS_WEEKLY;
OPTION CLEAR = TS_DAYNITE;

* User Constraints a little unclear.
OPTION CLEAR = UC_N_UCR;
OPTION CLEAR = UC_N_UCRSU;
OPTION CLEAR = UC_N_UCRT;
OPTION CLEAR = UCN_UCRSUS;
OPTION CLEAR = UC_N_UCRTS;
OPTION CLEAR = UC_N_UC;
OPTION CLEAR = UC_N_UCSU;
OPTION CLEAR = UC_N_UCT;
OPTION CLEAR = UC_N_UCSUS;
OPTION CLEAR = UC_N_UCTS;


* Clear SETs in CAPUNT.ANS.

OPTION CLEAR = PRIMACT_CG;
OPTION CLEAR = COUNT_CG;
OPTION CLEAR = PRIMCAP_CG;
* Do not clear PRC_CAPUNT in CAPUNT.ANS!! This is a TIMES SET.
*OPTION CLEAR = PRC_CAPUNT;
* Do not clear PRC_CAPACT in CAPUNT.ANS!! This is a TIMES SET.
*OPTION CLEAR = PRC_CAPACT;


* Clear SETs in GROUPS.ANS.

OPTION CLEAR = FLAG;
OPTION CLEAR = FLAGS;


* Clear SETs in ALLDATMR.ANS.

* Maybe nothing needs to be cleared here?


** Clear SETs in EXTREG_IRE.ANS.

* Maybe nothing needs to be cleared here?

OPTION CLEAR = UCN_COM;


