*
*  I_MMINIT.ANS - Use this in conjunction with Import TIMES GAMS DD only.
*
*  Additional sets, parameters required by ANSWER declared and initialized.
*
*****************************************************************************

     SET GLO / '_' 'Global' /;
*
     SET X / '-' 'Item None' /;
*
     ALIAS (REG,REG2);
     ALIAS (ALL_REG,ALL_REG2);
     ALIAS (TS,TS2,TS3);
     ALIAS (ALLYEAR,ALLYEAR2);
     SET IN(IN_OUT) / 'IN' /;
     SET OUT(IN_OUT) / 'OUT' /;

* changes made 2012-11-05 for TIMES-MACRO
*     BOHYEAR(ALLYEAR) = YES;
*     EOHYEAR(ALLYEAR) = YES;

*============================================================================*

* Declarations of sets related to mappings

*     SET UC_N / EMPTY /;
* ANSWER User Constraint sub-groups
* (Mar2006 - first list sub-groups applicable to single-region)
     SET UC_N_UCR / EMPTY /;
     SET UC_N_UCRT / EMPTY /;
*     SET UC_N_UCRS / EMPTY /;  no longer needed
     SET UC_N_UCRTS / EMPTY /;
     SET UC_N_UCRSU / EMPTY /;
     SET UCN_UCRSUS / EMPTY /;
* (Mar2006 - now list sub-groups applicable to multi-region)
     SET UC_N_UC / EMPTY /;
     SET UC_N_UCT / EMPTY /;
*     SET UC_N_UCS / EMPTY /;  no longer needed
     SET UC_N_UCTS / EMPTY /;
     SET UC_N_UCSU / EMPTY /;
     SET UC_N_UCSUS / EMPTY /;
* NOV2008 - use SET UCN_MARKET as part of handling parameter PRC_MARK
     SET UCN_MARKET / EMPTY /;

* ANSWER Commodity sub-groups
     SET COM_DEM / EMPTY /;
     SET COM_DEMAGR / EMPTY /;
     SET COM_DEMCOM / EMPTY /;
     SET COM_DEMIND / EMPTY /;
     SET COM_DEMNE / EMPTY /;
     SET COM_DEMOTH / EMPTY /;
     SET COM_DEMRES / EMPTY /;
     SET COM_DEMTRN / EMPTY /;
     SET COM_NRG / EMPTY /;
     SET COM_NRGCSV / EMPTY /;
     SET COM_NRGELC / EMPTY /;
     SET COM_NRGFOS / EMPTY /;
     SET COM_NRGHTH / EMPTY /;
     SET COM_NRGLIM / EMPTY /;
     SET COM_NRGLTH / EMPTY /;
     SET COM_NRGNUC / EMPTY /;
     SET COM_NRGSYN / EMPTY /;
     SET COM_NRGFRE / EMPTY /;
     SET COM_NRGFOS1 / EMPTY /;
     SET COM_ENV / EMPTY /;
     SET COM_ENVGHG / EMPTY /;
     SET COM_ENVOTH / EMPTY /;
     SET COM_MAT / EMPTY /;
     SET COM_MATVOL / EMPTY /;
     SET COM_MATWT / EMPTY /;
     SET COM_FIN / EMPTY /;
*   Additional sub-groups re Time Slice Level
     SET COM_ANNUAL / EMPTY /;
     SET COM_SEASON / EMPTY /;
     SET COM_WEEKLY / EMPTY /;
     SET COM_DAYNIT / EMPTY /;
     SET COM_ANNUAL1 / EMPTY /;

* ANSWER Commodity Group sub-groups
     SET COM_GRPMUL / EMPTY /;
     SET COM_GRPSGL / EMPTY /;
     SET COM_GRPTRU / EMPTY /;

     SET N / EMPTY /;

* ANSWER Process sub-groups
     SET PRC_XTRACT / EMPTY /;
     SET PRC_PRE / EMPTY /;
     SET PRC_PRW / EMPTY /;
     SET PRC_PRV / EMPTY /;
     SET PRC_REF / EMPTY /;
     SET PRC_ELE / EMPTY /;
     SET PRC_HPL / EMPTY /;
     SET PRC_CHP / EMPTY /;
     SET PRC_DMD / EMPTY /;
     SET PRC_DISTR / EMPTY /;
     SET PRC_STG / EMPTY /;
     SET PRC_MISC / EMPTY /;
     SET PRC_RENEW / EMPTY /;
     SET PRC_IRE / EMPTY /;
     SET PRC_STK / EMPTY /;
     SET PRC_NST / EMPTY /;
*     SET PRC_XTRBYP / EMPTY /;
*     SET PRC_XTRENH / EMPTY /;
*     SET PRC_XTRHAR / EMPTY /;
*     SET PRC_XTROFF / EMPTY /;
*     SET PRC_XTRONS / EMPTY /;
*     SET PRC_XTRSTR / EMPTY /;
*     SET PRC_XTRUND / EMPTY /;
*   additional sub-groups re Time Slice Level
     SET PRC_ANNUAL / EMPTY /;
     SET PRC_SEASON / EMPTY /;
     SET PRC_WEEKLY / EMPTY /;
     SET PRC_DAYNIT / EMPTY /;
     SET PRC_ANNUAL1 / EMPTY /;

* ANSWER Time Slice sub-groups
     SET TS_ANNUAL / EMPTY /;
     SET TS_SEASON / EMPTY /;
     SET TS_WEEKLY / EMPTY /;
     SET TS_DAYNITE / EMPTY /;

* ANSWER Region sub-groups
     SET REG_EXT / EMPTY /;

* GAMS set names put out in ANSWER-generated DD
     SET ACOM_UNIT / EMPTY.EMPTY /;
     SET PRCTACTUNT / EMPTY.EMPTY /;

* GAMS parameter names put out in ANSWER-generated DD
* corresponding to SETs in TIMES
*     PARAMETER ACOM_CHR / EMPTY.EMPTY.EMPTY 0 /;  defined over SPE
     PARAMETER ACOM_GMAP / EMPTY.EMPTY 0 /;
     PARAMETER ACOM_LIM / EMPTY.EMPTY 0 /;  
     PARAMETER ACOM_OFF / EMPTY.EMPTY.EMPTY 0 /;
     PARAMETER ACOM_PEAK / EMPTY 0 /;
     PARAMETER ACOM_PKTS / EMPTY.EMPTY 0 /;
     PARAMETER ACOM_TS / EMPTY.EMPTY 0 /;
*     PARAMETER ACUR_MAP / EMPTY.EMPTY 0 /;  not used in code
*     PARAMETER AFIN_MAP / EMPTY.EMPTY 0 /;  not used in code
*     PARAMETER AG_UAMAT not used in code
*     PARAMETER AG_UANRG not used in code
*     PARAMETER AG_UCMAT not used in code
*     PARAMETER AG_UCNRG not used in code
*     PARAMETER AG_UMONY not used in code
*     PARAMETER AMAT_GMAP / EMPTY.EMPTY 0 /;  not used in code
*     PARAMETER AMAT_TMAP / EMPTY.EMPTY 0 /;  not used in code
*     PARAMETER ANRG_BLE / EMPTY 0 /;  not used in code
*     PARAMETER ANRG_FMAP / EMPTY.EMPTY 0 /;  not used in code
*     PARAMETER ANRG_GMAP / EMPTY.EMPTY 0 /;  not used in code
     PARAMETER APRC_AOFF / EMPTY.EMPTY.EMPTY 0 /;
     PARAMETER APRC_CG / EMPTY.EMPTY 0 /;
     PARAMETER APRC_FOFF / EMPTY.EMPTY.EMPTY.EMPTY.EMPTY 0 /;
     PARAMETER APRC_NOFF / EMPTY.EMPTY.EMPTY 0 /;
     PARAMETER APRC_NSTTS / EMPTY.EMPTY 0 /;
     PARAMETER APRC_PKAF / EMPTY 0 /;
     PARAMETER APRC_PKNO / EMPTY 0 /;
     PARAMETER APRC_SPG / EMPTY.EMPTY 0 /;
     PARAMETER APRC_TS / EMPTY.EMPTY 0 /;
     PARAMETER APRC_VINT / EMPTY 0 /;
     PARAMETER APRCACTUNT / EMPTY.EMPTY 0 /;
     PARAMETER APRCCAPUNT / EMPTY.EMPTY.EMPTY 0 /;
     PARAMETER APRCSTGIPS / EMPTY.EMPTY 0 /;
     PARAMETER APRCSTGTSS / EMPTY.EMPTY 0 /;
*     PARAMETER AREG_GRP not used in code
*     PARAMETER AREG_RMAP / EMPTY 0 /;  not used in code
*     PARAMETER ASPE (new component SPE needed in ANSWER)
     PARAMETER ATOP_IN / EMPTY.EMPTY 0 /;
     PARAMETER ATOP_OUT / EMPTY.EMPTY 0 /;
* MAR2006 - extra COM argument in ANSWER-TIMES for ATOPIREIN, ATOPIREOUT
     PARAMETER ATOPIREIN / EMPTY.EMPTY.EMPTY.EMPTY 0 /;
     PARAMETER ATOPIREOUT / EMPTY.EMPTY.EMPTY.EMPTY 0 /;
* AUG2007 - in ANSWER-TIMES replace TS_MAP by TS_PARENT
*     PARAMETER ATS_MAP / EMPTY.EMPTY 0 /;
     PARAMETER ATS_PARENT / EMPTY.EMPTY 0 /;
     PARAMETER AUC_ATTR / EMPTY.EMPTY.EMPTY.EMPTY 0 /;
*     PARAMETER AUC_BND / EMPTY.EMPTY 0 /;
*     PARAMETER AUC_BNDR / EMPTY.EMPTY 0 /;
*     PARAMETER AUC_BNDRS / EMPTY.EMPTY.EMPTY 0 /;
*     PARAMETER AUC_BNDRT / EMPTY.EMPTY.EMPTY 0 /;
*     PARAMETER AUC_BNDRTS / EMPTY.EMPTY.EMPTY.EMPTY 0 /;
*     PARAMETER AUC_BNDS / EMPTY.EMPTY.EMPTY 0 /;
*     PARAMETER AUC_BNDT / EMPTY.EMPTY.EMPTY 0 /;
*     PARAMETER AUC_BNDTS / EMPTY.EMPTY.EMPTY.EMPTY 0 /;
*n*     PARAMETER AUC_DYN / EMPTY.EMPTY 0 /;
*n*     PARAMETER AUC_GMAP / EMPTY.EMPTY.EMPTY 0 /;
*n*     PARAMETER AUC_GMAP_C / EMPTY.EMPTY.EMPTY.EMPTY 0 /;
*n*     PARAMETER AUC_GMAP_P / EMPTY.EMPTY.EMPTY.EMPTY 0 /;
     PARAMETER AUC_R_EACH / EMPTY 0 /;
     PARAMETER AUC_R_SUM / EMPTY 0 /;
*n*     PARAMETER AUC_REG / EMPTY.EMPTY 0 /;
     PARAMETER AUC_T_EACH / EMPTY.EMPTY 0 /;
     PARAMETER AUC_T_SUM / EMPTY.EMPTY 0 /;
     PARAMETER AUC_T_SUCC / EMPTY.EMPTY.EMPTY 0 /;
*n*     PARAMETER AUC_TS / EMPTY.EMPTY 0 /;
     PARAMETER AUC_TSEACH / EMPTY.EMPTY 0 /;
     PARAMETER AUC_TS_SUM / EMPTY.EMPTY 0 /;

* GAMS parameter names put out in ANSWER-generated DD
* corresponding to PARAMETERs in TIMES
     PARAMETER AACT_BND / EMPTY.EMPTY.EMPTY.EMPTY 0 /;
     PARAMETER AACT_COST / EMPTY.EMPTY 0 /;
     PARAMETER AB / EMPTY 0 /;
     PARAMETER ACAP_BND / EMPTY.EMPTY.EMPTY 0 /;
     PARAMETER ACOM_BLVAL / EMPTY.EMPTY.EMPTY 0 /;
     PARAMETER ACOMBNDNET / EMPTY.EMPTY.EMPTY.EMPTY 0 /;
     PARAMETER ACOMBNDPRD / EMPTY.EMPTY.EMPTY.EMPTY 0 /;
     PARAMETER ACOMBPRICE / EMPTY.EMPTY 0 /;
     PARAMETER ACOM_BQTY / EMPTY.EMPTY 0 /;
     PARAMETER ACOMCHRBND / EMPTY.EMPTY.EMPTY.EMPTY 0 /;
     PARAMETER ACOMCOSTIN / EMPTY.EMPTY.EMPTY 0 /;
     PARAMETER ACOMCOSTOU / EMPTY.EMPTY.EMPTY 0 /;
     PARAMETER ACOMCSTNET / EMPTY.EMPTY.EMPTY 0 /;
     PARAMETER ACOMCSTPRD / EMPTY.EMPTY.EMPTY 0 /;
     PARAMETER ACOMCUMNET / EMPTY.EMPTY.EMPTY.EMPTY 0 /;
     PARAMETER ACOMCUMPRD / EMPTY.EMPTY.EMPTY.EMPTY 0 /;
     PARAMETER ACOM_ELAST / EMPTY.EMPTY.EMPTY.EMPTY 0 /;
     PARAMETER ACOM_FR / EMPTY.EMPTY.EMPTY 0 /;
     PARAMETER ACOM_IE / EMPTY.EMPTY.EMPTY 0 /;
     PARAMETER ACOM_PKFLX / EMPTY.EMPTY.EMPTY 0 /;
     PARAMETER ACOM_PKRSV / EMPTY.EMPTY 0 /;
     PARAMETER ACOM_PROJ / EMPTY.EMPTY 0 /;
     PARAMETER ACOM_STEP / EMPTY.EMPTY 0 /;
     PARAMETER ACOMSUBNET / EMPTY.EMPTY.EMPTY 0 /;
     PARAMETER ACOMSUBPRD / EMPTY.EMPTY.EMPTY 0 /;
     PARAMETER ACOMTAXNET / EMPTY.EMPTY.EMPTY 0 /;
     PARAMETER ACOMTAXPRD / EMPTY.EMPTY.EMPTY 0 /;
     PARAMETER ACOM_VOC / EMPTY.EMPTY.EMPTY 0 /;
     PARAMETER AD / EMPTY 0 /;
     PARAMETER AE / EMPTY 0 /;
     PARAMETER AFLO_COST / EMPTY.EMPTY.EMPTY.EMPTY 0 /;
     PARAMETER AFLO_DELIV / EMPTY.EMPTY.EMPTY.EMPTY 0 /;
     PARAMETER AFLO_FEQ / EMPTY.EMPTY.EMPTY 0 /;
     PARAMETER AFLO_FR / EMPTY.EMPTY.EMPTY.EMPTY.EMPTY 0 /;
     PARAMETER AFLO_FUNC / EMPTY.EMPTY.EMPTY.EMPTY.EMPTY 0 /;
     PARAMETER AFLO_PKCOI / EMPTY.EMPTY.EMPTY.EMPTY 0 /;
     PARAMETER AFLO_SHAR / EMPTY.EMPTY.EMPTY.EMPTY.EMPTY.EMPTY 0 /;
     PARAMETER AFLO_SUB / EMPTY.EMPTY.EMPTY.EMPTY 0 /;
     PARAMETER AFLO_SUM / EMPTY.EMPTY.EMPTY.EMPTY.EMPTY.EMPTY 0 /;
     PARAMETER AFLO_TAX / EMPTY.EMPTY.EMPTY.EMPTY 0 /;
     PARAMETER AGCHNGMONY / EMPTY 0 /;
     PARAMETER AG_DRATE / EMPTY 0 /;
*     PARAMETER G_OBJSHAR has only one argument: REG
     SCALAR AG_OBJSHAR / 0 /;
     PARAMETER AG_YRFR / EMPTY 0 /;
     PARAMETER AIRE_BND / EMPTY.EMPTY.EMPTY.EMPTY.EMPTY.EMPTY 0 /;
     PARAMETER AIRE_CCVT / EMPTY.EMPTY.EMPTY 0 /;
     PARAMETER AIRE_FLO / EMPTY.EMPTY.EMPTY.EMPTY.EMPTY.EMPTY 0 /;
     PARAMETER AIRE_PRICE / EMPTY.EMPTY.EMPTY.EMPTY.EMPTY.EMPTY 0 /;
     PARAMETER AIREFLOIN / EMPTY.EMPTY.EMPTY.EMPTY.EMPTY.EMPTY 0 /;
     PARAMETER AIREFLOOUT / EMPTY.EMPTY.EMPTY.EMPTY.EMPTY.EMPTY 0 /;
     PARAMETER AIRE_TSCVT / EMPTY.EMPTY.EMPTY 0 /;
     PARAMETER AIRE_XBND / EMPTY.EMPTY.EMPTY.EMPTY.EMPTY 0 /;
     PARAMETER AM / EMPTY 0 /;
     PARAMETER AMULTI / EMPTY.EMPTY 0 /;
     PARAMETER ANCAP_AF / EMPTY.EMPTY.EMPTY.EMPTY 0 /;
     PARAMETER ANCAP_AFA / EMPTY.EMPTY.EMPTY 0 /;
     PARAMETER ANCAP_AFM / EMPTY.EMPTY 0 /;
     PARAMETER ANCAP_AFS / EMPTY.EMPTY.EMPTY.EMPTY 0 /;
     PARAMETER ANCAP_AFX / EMPTY.EMPTY 0 /;
     PARAMETER ANCAP_BND / EMPTY.EMPTY.EMPTY 0 /;
     PARAMETER ANCAP_BPME / EMPTY.EMPTY 0 /;
     PARAMETER ANCAP_CEFF / EMPTY.EMPTY.EMPTY.EMPTY 0 /;
     PARAMETER ANCAP_CHPR / EMPTY.EMPTY.EMPTY 0 /;
     PARAMETER ANCAP_CLED / EMPTY.EMPTY.EMPTY 0 /;
     PARAMETER ANCAP_COST / EMPTY.EMPTY 0 /;
     PARAMETER ANCAP_FOM / EMPTY.EMPTY 0 /;
     PARAMETER ANCAP_ICOM / EMPTY.EMPTY.EMPTY 0 /;
     PARAMETER ANCAP_ILED / EMPTY.EMPTY 0 /;
     PARAMETER ANCAP_OCOM / EMPTY.EMPTY.EMPTY 0 /;
     PARAMETER ANCAP_SALV / EMPTY.EMPTY.EMPTY 0 /;
* 16MAR2010 - NCAP_CLAG(..., IO) requires both ANCAPCLGIN, ANCAPCLGOU
     PARAMETER ANCAPCLGIN / EMPTY.EMPTY.EMPTY 0 /;
     PARAMETER ANCAPCLGOU / EMPTY.EMPTY.EMPTY 0 /;
     PARAMETER ANCAPCOMIN / EMPTY.EMPTY.EMPTY 0 /;
     PARAMETER ANCAPCOMOU / EMPTY.EMPTY.EMPTY 0 /;
     PARAMETER ANCAPDCOST / EMPTY.EMPTY 0 /;
     PARAMETER ANCAPDELIF / EMPTY.EMPTY 0 /;
     PARAMETER ANCAP_DLAG / EMPTY.EMPTY 0 /;
     PARAMETER ANCAPDLAGC / EMPTY.EMPTY 0 /;
     PARAMETER ANCAPDLIFE / EMPTY.EMPTY 0 /;
     PARAMETER ANCAPDRATE / EMPTY.EMPTY 0 /;
     PARAMETER ANCAP_EFF / EMPTY.EMPTY 0 /;
     PARAMETER ANCAP_EFFM / EMPTY.EMPTY 0 /;
     PARAMETER ANCAP_EFFX / EMPTY.EMPTY 0 /;
     PARAMETER ANCAPELIFE / EMPTY.EMPTY 0 /;
     PARAMETER ANCAP_FOMM / EMPTY.EMPTY 0 /;
     PARAMETER ANCAP_FOMX / EMPTY.EMPTY 0 /;
     PARAMETER ANCAP_FSUB / EMPTY.EMPTY 0 /;
     PARAMETER ANCAPFSUBM / EMPTY.EMPTY 0 /;
     PARAMETER ANCAPFSUBX / EMPTY.EMPTY 0 /;
     PARAMETER ANCAP_FTAX / EMPTY.EMPTY 0 /;
     PARAMETER ANCAPFTAXM / EMPTY.EMPTY 0 /;
     PARAMETER ANCAPFTAXX / EMPTY.EMPTY 0 /;
     PARAMETER ANCAP_ISUB / EMPTY.EMPTY 0 /;
     PARAMETER ANCAP_ITAX / EMPTY.EMPTY 0 /;
     PARAMETER ANCAPLCOST / EMPTY.EMPTY 0 /;
     PARAMETER ANCAP_LFOM / EMPTY.EMPTY 0 /;
     PARAMETER ANCAPPASTI / EMPTY.EMPTY 0 /;
     PARAMETER ANCAPPASTY / EMPTY.EMPTY 0 /;
     PARAMETER ANCAPPKCNT / EMPTY.EMPTY.EMPTY 0 /;

*AUG2013* Add NCAP_START parameter to ANSWER
     PARAMETER ANCAP_START / EMPTY 0 /;

     PARAMETER ANCAPTLIFE / EMPTY.EMPTY 0 /;
     PARAMETER ANCAP_VALU / EMPTY.EMPTY.EMPTY 0 /;
     PARAMETER APRCACTFLO / EMPTY.EMPTY.EMPTY 0 /;
     PARAMETER APRCCAPACT / EMPTY 0 /;
*SEP2007 - PRC_NUTS is an internal parameter
*     PARAMETER APRC_NUTS / EMPTY 0 /;
     PARAMETER ASHAPE / EMPTY 0 /;
     PARAMETER ASTG_CHRG / EMPTY.EMPTY.EMPTY 0 /;
     PARAMETER ASTG_EFF / EMPTY.EMPTY.EMPTY 0 /;
     PARAMETER ASTG_LOSS / EMPTY.EMPTY.EMPTY 0 /;
     PARAMETER ASTGIN_BND / EMPTY.EMPTY.EMPTY.EMPTY.EMPTY 0 /;
     PARAMETER ASTGOUTBND / EMPTY.EMPTY.EMPTY.EMPTY.EMPTY 0 /;
     PARAMETER AUC_ACT / EMPTY.EMPTY.EMPTY.EMPTY.EMPTY.EMPTY 0 /;
     PARAMETER AUC_CAP / EMPTY.EMPTY.EMPTY.EMPTY 0 /;
     PARAMETER AUC_COMCON / EMPTY.EMPTY.EMPTY.EMPTY.EMPTY 0 /;
     PARAMETER AUC_COMPRD / EMPTY.EMPTY.EMPTY.EMPTY.EMPTY 0 /;
     PARAMETER AUC_FLO / EMPTY.EMPTY.EMPTY.EMPTY.EMPTY.EMPTY.EMPTY 0 /;
     PARAMETER AUC_NCAP / EMPTY.EMPTY.EMPTY.EMPTY 0 /;
     PARAMETER AUC_RHS / EMPTY.EMPTY 0 /;
     PARAMETER AUC_RHSR / EMPTY.EMPTY 0 /;
*     PARAMETER AUC_RHSRS / EMPTY.EMPTY.EMPTY 0 /;  no longer needed
     PARAMETER AUC_RHSRT / EMPTY.EMPTY.EMPTY 0 /;
     PARAMETER AUC_RHSRTS / EMPTY.EMPTY.EMPTY.EMPTY 0 /;
*     PARAMETER AUC_RHSS / EMPTY.EMPTY.EMPTY 0 /;  no longer needed
     PARAMETER AUC_RHST / EMPTY.EMPTY.EMPTY 0 /;
     PARAMETER AUC_RHSTS / EMPTY.EMPTY.EMPTY.EMPTY 0 /;
* NOV2008 - use parameter UC_MARK as part of handling parameter PRC_MARK
     PARAMETER UC_MARK / EMPTY.EMPTY.EMPTY.EMPTY.EMPTY 0 /;


*============================================================================*

*OCT2007 - Handling of SET AGE and SET J.
*          ANSWER puts out A001 etc, S001 etc that need to be mapped to members of SET AGE, J respectively.
SET ANSAGE / A001*A200 /;
$INCLUDE ANSAGE_AGE.ANS

SET ANSJ / S001*S100 /;
$INCLUDE ANSJ_J.ANS

*============================================================================*

*Additions for ETL
$IF NOT '%ETL%' == 'YES' $GOTO NOETL
     PARAMETER ATEG / EMPTY 0 /;
     PARAMETER ACCAP0 / EMPTY 0 /;
     PARAMETER ACCAPM / EMPTY 0 /;
     PARAMETER APRAT / EMPTY 0 /;
     PARAMETER ASC0 / EMPTY 0 /;
     PARAMETER ASEG / EMPTY 0 /;
$LABEL NOETL

*============================================================================*

*Additions for Lumpy Investment
$IF NOT '%DSC%' == 'YES' $GOTO NODSC
     PARAMETER APRC_DSCNCAP / EMPTY 0 /;
     PARAMETER ANCAP_DISC / EMPTY.EMPTY.EMPTY.EMPTY 0 /;
*     SET ANSUNIT / U000*U100 /;
     SET ANSUNIT / U001*U100 /;
$    INCLUDE ANSU_UNIT.ANS
$LABEL NODSC


