******************************************************************************
*                                                                            *
*  MMINIT.ANS: - modified for TIMES                                          *
*                                                                            *
*  Additional sets, parameters required by ANSWER declared and initialized   *
*                                                                            *
******************************************************************************

     SET GLO / '_' 'Global' /;
*
     SET X / '-' 'Item None' /;
*
     SET ATSLVL / 'ANNUAL-TSL' /;
*
     ALIAS (REG,REG2);
     ALIAS (ALL_REG,ALL_REG2);
     ALIAS (TS,TS2);
     ALIAS (ALLYEAR,ALLYEAR2);
     SET IN(IN_OUT) / 'IN' /;
     SET OUT(IN_OUT) / 'OUT' /;
     SET ANET(COM_VAR) / 'NET' /;
     SET APRD(COM_VAR) / 'PRD' /;
*   Ensure that the label NB is known to GAMS!
     SET ALIM / 'NB' /;

*30MAR2010     BOHYEAR(ALLYEAR) = YES;
*30MAR2010     EOHYEAR(ALLYEAR) = YES;

*============================================================================*

*Declarations of sets related to mappings

* ANSWER User Constraint sub-groups
     SET UC_N_UC / EMPTY /;
     SET UC_N_UCR / EMPTY.EMPTY /;
     SET UC_N_UCRT / EMPTY.EMPTY /;
     SET UC_N_UCRTS / EMPTY.EMPTY /;
* 13APR2014 - new sets in ANSWER to handle new Dynamic User Constraint between Successive TimeSlices - UC_TSL(RHS),
*             along with levelized & static User Constraint variant - UC_TSL(LHS).
     SET UCN_UCRTSR / EMPTY.EMPTY /;
     SET UCN_UCRTSL / EMPTY.EMPTY /;
*
     SET UC_N_UCT / EMPTY /;
     SET UC_N_UCTS / EMPTY /;
     SET UC_N_UCRSU / EMPTY.EMPTY /;
     SET UCN_UCRSUS / EMPTY.EMPTY /;
     SET UC_N_UCSU / EMPTY /;
     SET UC_N_UCSUS / EMPTY /;
     SET UCN_MARKET / EMPTY /;

* ANSWER Commodity sub-groups
     SET COM_DEM / EMPTY.EMPTY /;
     SET COM_DEMAGR / EMPTY.EMPTY /;
     SET COM_DEMCOM / EMPTY.EMPTY /;
     SET COM_DEMIND / EMPTY.EMPTY /;
     SET COM_DEMNE / EMPTY.EMPTY /;
     SET COM_DEMOTH / EMPTY.EMPTY /;
     SET COM_DEMRES / EMPTY.EMPTY /;
     SET COM_DEMTRN / EMPTY.EMPTY /;
     SET COM_NRG / EMPTY.EMPTY /;
     SET COM_NRGCSV / EMPTY.EMPTY /;
     SET COM_NRGELC / EMPTY.EMPTY /;
     SET COM_NRGFOS / EMPTY.EMPTY /;
     SET COM_NRGHTH / EMPTY.EMPTY /;
     SET COM_NRGLIM / EMPTY.EMPTY /;
     SET COM_NRGLTH / EMPTY.EMPTY /;
     SET COM_NRGNUC / EMPTY.EMPTY /;
     SET COM_NRGSYN / EMPTY.EMPTY /;
     SET COM_NRGFRE / EMPTY.EMPTY /;
     SET COM_ENV / EMPTY.EMPTY /;
     SET COM_ENVGHG / EMPTY.EMPTY /;
     SET COM_ENVOTH / EMPTY.EMPTY /;
     SET COM_MAT / EMPTY.EMPTY /;
     SET COM_MATVOL / EMPTY.EMPTY /;
     SET COM_MATWT / EMPTY.EMPTY /;
     SET COM_FIN / EMPTY.EMPTY /;
*   additional sub-groups re Time Slice Level
     SET COM_ANNUAL / EMPTY.EMPTY /;
     SET COM_SEASON / EMPTY.EMPTY /;
     SET COM_WEEKLY / EMPTY.EMPTY /;
     SET COM_DAYNIT / EMPTY.EMPTY /;

* ANSWER Commodity Group sub-groups
     SET COM_GRPMUL / EMPTY.EMPTY /;
     SET COM_GRPSGL / EMPTY.EMPTY /;
     SET COM_GRPTRU / EMPTY.EMPTY /;

     SET N / EMPTY /;

* ANSWER Process sub-groups
     SET PRC_XTRACT / EMPTY.EMPTY /;
     SET PRC_PRE / EMPTY.EMPTY /;
     SET PRC_PRW / EMPTY.EMPTY /;
     SET PRC_PRV / EMPTY.EMPTY /;
     SET PRC_REF / EMPTY.EMPTY /;
     SET PRC_ELE / EMPTY.EMPTY /;
     SET PRC_HPL / EMPTY.EMPTY /;
     SET PRC_CHP / EMPTY.EMPTY /;
     SET PRC_DMD / EMPTY.EMPTY /;
     SET PRC_DISTR / EMPTY.EMPTY /;
     SET PRC_STG / EMPTY.EMPTY /;
     SET PRC_MISC / EMPTY.EMPTY /;
     SET PRC_RENEW / EMPTY.EMPTY /;
     SET PRC_IRE / EMPTY.EMPTY /;
     SET PRC_STK / EMPTY.EMPTY /;
     SET PRC_NST / EMPTY.EMPTY /;
*     SET PRC_XTRBYP / EMPTY.EMPTY /;
*     SET PRC_XTRENH / EMPTY.EMPTY /;
*     SET PRC_XTRHAR / EMPTY.EMPTY /;
*     SET PRC_XTROFF / EMPTY.EMPTY /;
*     SET PRC_XTRONS / EMPTY.EMPTY /;
*     SET PRC_XTRSTR / EMPTY.EMPTY /;
*     SET PRC_XTRUND / EMPTY.EMPTY /;
*   additional sub-groups re Time Slice Level
     SET PRC_ANNUAL / EMPTY.EMPTY /;
     SET PRC_SEASON / EMPTY.EMPTY /;
     SET PRC_WEEKLY / EMPTY.EMPTY /;
     SET PRC_DAYNIT / EMPTY.EMPTY /;

* ANSWER Time Slice sub-groups
     SET TS_ANNUAL / EMPTY.EMPTY /;
     SET TS_SEASON / EMPTY.EMPTY /;
     SET TS_WEEKLY / EMPTY.EMPTY /;
     SET TS_DAYNITE / EMPTY.EMPTY /;

* ANSWER Region sub-groups
     SET REG_EXT / EMPTY.EMPTY /;

* GAMS set names put out in ANSWER-generated DD
     SET ACOM_UNIT / EMPTY.EMPTY.EMPTY /;
     SET PRCTACTUNT / EMPTY.EMPTY.EMPTY /;

* GAMS parameter names put out in ANSWER-generated DD
* corresponding to SETs in TIMES

     PARAMETER ACOM_GMAP / EMPTY.EMPTY.EMPTY 0 /;
     PARAMETER ACOM_LIM / EMPTY.EMPTY.EMPTY 0 /;  
     PARAMETER ACOM_OFF / EMPTY.EMPTY.EMPTY.EMPTY 0 /;
     PARAMETER ACOM_PEAK / EMPTY.EMPTY 0 /;
     PARAMETER ACOM_PKTS / EMPTY.EMPTY.EMPTY 0 /;
* COM_TS is not needed
*     PARAMETER ACOM_TS / EMPTY.EMPTY.EMPTY 0 /;
     PARAMETER APRCACTUNT / EMPTY.EMPTY.EMPTY 0 /;
     PARAMETER APRC_AOFF / EMPTY.EMPTY.EMPTY.EMPTY 0 /;
* PRC_CAPUNT is not needed
*     PARAMETER APRCCAPUNT / EMPTY.EMPTY.EMPTY.EMPTY 0 /;
* PRC_CG is not needed
*     PARAMETER APRC_CG / EMPTY.EMPTY.EMPTY 0 /;
     PARAMETER APRC_FOFF / EMPTY.EMPTY.EMPTY.EMPTY.EMPTY.EMPTY 0 /;
     PARAMETER APRC_NOFF / EMPTY.EMPTY.EMPTY.EMPTY 0 /;
     PARAMETER APRC_NSTTS / EMPTY.EMPTY.EMPTY 0 /;
     PARAMETER APRC_PKAF / EMPTY.EMPTY 0 /;
     PARAMETER APRC_PKNO / EMPTY.EMPTY 0 /;
     PARAMETER APRC_SPG / EMPTY.EMPTY.EMPTY 0 /;
* PRC_STGIPS, PRC_STGTSS, PRC_TS are not needed
*     PARAMETER APRCSTGIPS / EMPTY.EMPTY.EMPTY 0 /;
*     PARAMETER APRCSTGTSS / EMPTY.EMPTY.EMPTY 0 /;
*     PARAMETER APRC_TS / EMPTY.EMPTY.EMPTY 0 /;
     PARAMETER APRC_VINT / EMPTY.EMPTY 0 /;
     PARAMETER ATOP_IN / EMPTY.EMPTY.EMPTY 0 /;
     PARAMETER ATOP_OUT / EMPTY.EMPTY.EMPTY 0 /;
     PARAMETER ATOP_IRE / EMPTY.EMPTY.EMPTY.EMPTY.EMPTY 0 /;
* ATOPIREIN, ATOPIREOUT are not needed
*     PARAMETER ATOPIREIN / EMPTY.EMPTY.EMPTY.EMPTY.EMPTY 0 /;
*     PARAMETER ATOPIREOUT / EMPTY.EMPTY.EMPTY.EMPTY.EMPTY 0 /;
* JUN2007 - in ANSWER-TIMES replace TS_MAP by TS_PARENT
*     PARAMETER ATS_MAP / EMPTY.EMPTY.EMPTY 0 /;
     PARAMETER ATS_PARENT / EMPTY.EMPTY.EMPTY 0 /;
     PARAMETER AUC_ATTR / EMPTY.EMPTY.EMPTY.EMPTY.EMPTY 0 /;
     PARAMETER AUC_R_EACH / EMPTY.EMPTY 0 /;
     PARAMETER AUC_R_SUM / EMPTY.EMPTY 0 /;
     PARAMETER AUC_T_EACH / EMPTY.EMPTY.EMPTY 0 /;
     PARAMETER AUC_T_SUCC / EMPTY.EMPTY.EMPTY 0 /;
     PARAMETER AUC_T_SUM / EMPTY.EMPTY.EMPTY 0 /;
     PARAMETER AUC_TSEACH / EMPTY.EMPTY.EMPTY 0 /;
     PARAMETER AUC_TS_SUM / EMPTY.EMPTY.EMPTY 0 /;
* 5DEC2010 - Handle UC_DYNBND
     PARAMETER AUC_DYNBND / EMPTY.EMPTY 0 /;

* GAMS parameter names put out in ANSWER-generated DD
* corresponding to PARAMETERs in TIMES
     PARAMETER AACT_BND / EMPTY.EMPTY.EMPTY.EMPTY.EMPTY 0 /;
     PARAMETER AACT_COST / EMPTY.EMPTY.EMPTY 0 /;
     PARAMETER AACT_CUM / EMPTY.EMPTY.EMPTY.EMPTY.EMPTY 0 /;
     PARAMETER AACT_EFF / EMPTY.EMPTY.EMPTY.EMPTY.EMPTY 0 /;

*AUG2013* Add ACT_FLO parameter to ANSWER
     PARAMETER AACT_FLO / EMPTY.EMPTY.EMPTY.EMPTY.EMPTY 0 /;

*OCT2014* Add ACT_UPS parameter to ANSWER
     PARAMETER AACT_UPS / EMPTY.EMPTY.EMPTY.EMPTY.EMPTY 0 /;

     PARAMETER AB / EMPTY 0 /;
     PARAMETER ACAP_BND / EMPTY.EMPTY.EMPTY.EMPTY 0 /;
     PARAMETER ACOM_AGG / EMPTY.EMPTY.EMPTY.EMPTY 0 /;
     PARAMETER ACOMBNDNET / EMPTY.EMPTY.EMPTY.EMPTY.EMPTY 0 /;
     PARAMETER ACOMBNDPRD / EMPTY.EMPTY.EMPTY.EMPTY.EMPTY 0 /;
     PARAMETER ACOMBPRICE / EMPTY.EMPTY.EMPTY.EMPTY 0 /;
     PARAMETER ACOMCSTNET / EMPTY.EMPTY.EMPTY.EMPTY 0 /;
     PARAMETER ACOMCSTPRD / EMPTY.EMPTY.EMPTY.EMPTY 0 /;
     PARAMETER ACOMCUMNET / EMPTY.EMPTY.EMPTY.EMPTY.EMPTY 0 /;
     PARAMETER ACOMCUMPRD / EMPTY.EMPTY.EMPTY.EMPTY.EMPTY 0 /;
*?     PARAMETER ACOMCOSTIN / EMPTY.EMPTY.EMPTY.EMPTY 0 /;
*?     PARAMETER ACOMCOSTOU / EMPTY.EMPTY.EMPTY.EMPTY 0 /;
     PARAMETER ACOM_ELAST / EMPTY.EMPTY.EMPTY.EMPTY.EMPTY 0 /;
     PARAMETER ACOMELASTX / EMPTY.EMPTY.EMPTY.EMPTY 0 /;
     PARAMETER ACOM_FR / EMPTY.EMPTY.EMPTY.EMPTY 0 /;
     PARAMETER ACOM_IE / EMPTY.EMPTY.EMPTY.EMPTY 0 /;
     PARAMETER ACOM_PKFLX / EMPTY.EMPTY.EMPTY.EMPTY 0 /;
     PARAMETER ACOM_PKRSV / EMPTY.EMPTY.EMPTY 0 /;
     PARAMETER ACOM_PROJ / EMPTY.EMPTY.EMPTY 0 /;
     PARAMETER ACOM_STEP / EMPTY.EMPTY.EMPTY 0 /;
     PARAMETER ACOMSUBNET / EMPTY.EMPTY.EMPTY.EMPTY 0 /;
     PARAMETER ACOMSUBPRD / EMPTY.EMPTY.EMPTY.EMPTY 0 /;
     PARAMETER ACOMTAXNET / EMPTY.EMPTY.EMPTY.EMPTY 0 /;
     PARAMETER ACOMTAXPRD / EMPTY.EMPTY.EMPTY.EMPTY 0 /;
     PARAMETER ACOM_VOC / EMPTY.EMPTY.EMPTY.EMPTY 0 /;
     PARAMETER ADAM_BQTY / EMPTY.EMPTY 0 /;
* 21JUN2010 - remove phantom entries for ADAM_COST, ADAM_ELAST and use $IF DEFINED in ANS2GAMS.ANS
     PARAMETER ADAM_COST(*,*,*);
     PARAMETER ADAM_ELAST(*,*,*);
     PARAMETER ADAM_STEP / EMPTY.EMPTY.EMPTY 0 /;
     PARAMETER ADAM_VOC / EMPTY.EMPTY.EMPTY 0 /;
* 16MAR2010 - 3 new experimental DAMAGE parameters: DAM_TQTY, DAM_TVOC, DAM_COEF 
     PARAMETER ADAM_TQTY / EMPTY.EMPTY.EMPTY 0 /;
     PARAMETER ADAM_TVOC / EMPTY.EMPTY.EMPTY.EMPTY 0 /;
     PARAMETER ADAM_COEF / EMPTY.EMPTY.EMPTY.EMPTY 0 /;
     PARAMETER AE / EMPTY 0 /;
     PARAMETER AFLO_BND / EMPTY.EMPTY.EMPTY.EMPTY.EMPTY.EMPTY 0 /;
     PARAMETER AFLO_COST / EMPTY.EMPTY.EMPTY.EMPTY.EMPTY 0 /;
     PARAMETER AFLO_CUM / EMPTY.EMPTY.EMPTY.EMPTY.EMPTY.EMPTY 0 /;
     PARAMETER AFLO_DELIV / EMPTY.EMPTY.EMPTY.EMPTY.EMPTY 0 /;
* 30MARCH2011 - add FLO_EFF as alias for FLO_EMIS
     PARAMETER AFLO_EFF / EMPTY.EMPTY.EMPTY.EMPTY.EMPTY.EMPTY 0 /;
     PARAMETER AFLO_EMIS / EMPTY.EMPTY.EMPTY.EMPTY.EMPTY.EMPTY 0 /;
     PARAMETER AFLO_FR / EMPTY.EMPTY.EMPTY.EMPTY.EMPTY.EMPTY 0 /;
     PARAMETER AFLO_FUNC / EMPTY.EMPTY.EMPTY.EMPTY.EMPTY.EMPTY 0 /;
     PARAMETER AFLO_FUNCX / EMPTY.EMPTY.EMPTY.EMPTY.EMPTY 0 /;
     PARAMETER AFLO_MARK / EMPTY.EMPTY.EMPTY.EMPTY.EMPTY 0 /;
     PARAMETER AFLOMRKCON / EMPTY.EMPTY.EMPTY.EMPTY.EMPTY.EMPTY 0 /;
     PARAMETER AFLOMRKPRD / EMPTY.EMPTY.EMPTY.EMPTY.EMPTY.EMPTY 0 /;
     PARAMETER AFLO_PKCOI / EMPTY.EMPTY.EMPTY.EMPTY.EMPTY 0 /;
     PARAMETER AFLO_SHAR / EMPTY.EMPTY.EMPTY.EMPTY.EMPTY.EMPTY.EMPTY 0 /;
     PARAMETER AFLO_SUB / EMPTY.EMPTY.EMPTY.EMPTY.EMPTY 0 /;
     PARAMETER AFLO_SUM / EMPTY.EMPTY.EMPTY.EMPTY.EMPTY.EMPTY.EMPTY 0 /;
     PARAMETER AFLO_TAX / EMPTY.EMPTY.EMPTY.EMPTY.EMPTY 0 /;
     PARAMETER AG_DRATE / EMPTY.EMPTY 0 /;
     PARAMETER AG_OFFTHD / EMPTY 0 /;
     PARAMETER AG_YRFR / EMPTY.EMPTY 0 /;
     PARAMETER AIRE_BND / EMPTY.EMPTY.EMPTY.EMPTY.EMPTY.EMPTY.EMPTY 0 /;
     PARAMETER AIRE_CCVT / EMPTY.EMPTY.EMPTY.EMPTY 0 /;
     PARAMETER AIRE_FLO / EMPTY.EMPTY.EMPTY.EMPTY.EMPTY.EMPTY.EMPTY 0 /;
     PARAMETER AIREFLOIN / EMPTY.EMPTY.EMPTY.EMPTY.EMPTY.EMPTY.EMPTY 0 /;
     PARAMETER AIREFLOOUT / EMPTY.EMPTY.EMPTY.EMPTY.EMPTY.EMPTY.EMPTY 0 /;
     PARAMETER AIRE_PRICE / EMPTY.EMPTY.EMPTY.EMPTY.EMPTY.EMPTY.EMPTY 0 /;
     PARAMETER AIRE_TSCVT / EMPTY.EMPTY.EMPTY.EMPTY 0 /;
     PARAMETER AIRE_XBND / EMPTY.EMPTY.EMPTY.EMPTY.EMPTY.EMPTY 0 /;
     PARAMETER AMULTI / EMPTY.EMPTY 0 /;
     PARAMETER ANCAP_AF / EMPTY.EMPTY.EMPTY.EMPTY.EMPTY 0 /;
     PARAMETER ANCAP_AFA / EMPTY.EMPTY.EMPTY.EMPTY 0 /;
     PARAMETER ANCAP_AFC / EMPTY.EMPTY.EMPTY.EMPTY.EMPTY 0 /;
* 7JAN2015 - TIMES v3.8.3 introduces parameter NCAP_AFCS, similar to NCAP_AFC but defined over TimeSlice rather than TimeSlice level
     PARAMETER ANCAP_AFCS / EMPTY.EMPTY.EMPTY.EMPTY.EMPTY 0 /;
     PARAMETER ANCAP_AFM / EMPTY.EMPTY.EMPTY 0 /;
     PARAMETER ANCAP_AFS / EMPTY.EMPTY.EMPTY.EMPTY.EMPTY 0 /;
     PARAMETER ANCAP_AFX / EMPTY.EMPTY.EMPTY 0 /;
     PARAMETER ANCAP_BND / EMPTY.EMPTY.EMPTY.EMPTY 0 /;
     PARAMETER ANCAP_BPME / EMPTY.EMPTY.EMPTY 0 /;
* 7JAN2015 - TIMES v3.8.3 removes parameter NCAP_CEFF, and replaces with parameter NCAP_CDME
*     PARAMETER ANCAP_CEFF / EMPTY.EMPTY.EMPTY.EMPTY.EMPTY 0 /;
     PARAMETER ANCAP_CDME / EMPTY.EMPTY.EMPTY 0 /;
     PARAMETER ANCAP_CEH / EMPTY.EMPTY.EMPTY 0 /;
     PARAMETER ANCAP_CHPR / EMPTY.EMPTY.EMPTY.EMPTY 0 /;
     PARAMETER ANCAP_CLED / EMPTY.EMPTY.EMPTY.EMPTY 0 /;
* 16MAR2010 - NCAP_CLAG(..., IO) requires both ANCAP_CLAGIN, ANCAP_CLAGOUT
     PARAMETER ANCAP_CLAGIN / EMPTY.EMPTY.EMPTY.EMPTY 0 /;
     PARAMETER ANCAP_CLAGOUT / EMPTY.EMPTY.EMPTY.EMPTY 0 /;
     PARAMETER ANCAPCOMIN / EMPTY.EMPTY.EMPTY.EMPTY 0 /;
     PARAMETER ANCAPCOMOU / EMPTY.EMPTY.EMPTY.EMPTY 0 /;
     PARAMETER ANCAP_COST / EMPTY.EMPTY.EMPTY 0 /;

*  NCAP_CPX added 15 March 2018
     PARAMETER ANCAP_CPX / EMPTY.EMPTY.EMPTY 0 /;

     PARAMETER ANCAPDCOST / EMPTY.EMPTY.EMPTY 0 /;
     PARAMETER ANCAPDELIF / EMPTY.EMPTY.EMPTY 0 /;
     PARAMETER ANCAP_DLAG / EMPTY.EMPTY.EMPTY 0 /;
     PARAMETER ANCAPDLAGC / EMPTY.EMPTY.EMPTY 0 /;
     PARAMETER ANCAPDLIFE / EMPTY.EMPTY.EMPTY 0 /;
     PARAMETER ANCAPDRATE / EMPTY.EMPTY.EMPTY 0 /;
     PARAMETER ANCAPELIFE / EMPTY.EMPTY.EMPTY 0 /;

*JUL2016* Add NCAP_FDR parameter to ANSWER
     PARAMETER ANCAP_FDR / EMPTY.EMPTY.EMPTY 0 /;

     PARAMETER ANCAP_FOM / EMPTY.EMPTY.EMPTY 0 /;
     PARAMETER ANCAP_FOMM / EMPTY.EMPTY.EMPTY 0 /;
     PARAMETER ANCAP_FOMX / EMPTY.EMPTY.EMPTY 0 /;
     PARAMETER ANCAP_FSUB / EMPTY.EMPTY.EMPTY 0 /;
     PARAMETER ANCAPFSUBM / EMPTY.EMPTY.EMPTY 0 /;
     PARAMETER ANCAPFSUBX / EMPTY.EMPTY.EMPTY 0 /;
     PARAMETER ANCAP_FTAX / EMPTY.EMPTY.EMPTY 0 /;
     PARAMETER ANCAPFTAXM / EMPTY.EMPTY.EMPTY 0 /;
     PARAMETER ANCAPFTAXX / EMPTY.EMPTY.EMPTY 0 /;
     PARAMETER ANCAP_ICOM / EMPTY.EMPTY.EMPTY.EMPTY 0 /;
     PARAMETER ANCAP_ILED / EMPTY.EMPTY.EMPTY 0 /;
     PARAMETER ANCAP_ISUB / EMPTY.EMPTY.EMPTY 0 /;
     PARAMETER ANCAP_ITAX / EMPTY.EMPTY.EMPTY 0 /;
     PARAMETER ANCAP_OCOM / EMPTY.EMPTY.EMPTY.EMPTY 0 /;
     PARAMETER ANCAPPASTI / EMPTY.EMPTY.EMPTY 0 /;
     PARAMETER ANCAPPASTY / EMPTY.EMPTY.EMPTY 0 /;
     PARAMETER ANCAPPKCNT / EMPTY.EMPTY.EMPTY.EMPTY 0 /;

*AUG2013* Add NCAP_START parameter to ANSWER
     PARAMETER ANCAP_START / EMPTY.EMPTY 0 /;

     PARAMETER ANCAPTLIFE / EMPTY.EMPTY.EMPTY 0 /;
* note that with addition of OPTION KILL = ..., ANCAPTLIFP is also required
     PARAMETER ANCAPTLIFP / EMPTY.EMPTY.EMPTY 0 /;
     PARAMETER ANCAP_VALU / EMPTY.EMPTY.EMPTY.EMPTY 0 /;
     PARAMETER APRCACTFLO / EMPTY.EMPTY.EMPTY.EMPTY 0 /;
     PARAMETER APRCCAPACT / EMPTY.EMPTY 0 /;

* Reactance for powerflow equations (experimental in TIMES GAMS code version 3.3.8)
*     PARAMETER APRC_REACT / EMPTY.EMPTY.EMPTY 0 /;
     PARAMETER APRC_REACT(*,*,*);

* 23AUG2016 - GR_* TS parameters needed for TIMES Grid Modeling Features 
     PARAMETER AGR_DEMFR / EMPTY.EMPTY.EMPTY.EMPTY 0 /;
     PARAMETER AGR_ENDFR / EMPTY.EMPTY.EMPTY.EMPTY 0 /;
     PARAMETER AGR_GENFR / EMPTY.EMPTY.EMPTY.EMPTY 0 /;
     PARAMETER AGR_XBND / EMPTY.EMPTY 0 /;

     PARAMETER APRC_RESID / EMPTY.EMPTY.EMPTY 0 /;
     PARAMETER AREGBNDCST / EMPTY.EMPTY.EMPTY.EMPTY 0 /;
     PARAMETER AREGCUMCST / EMPTY.EMPTY.EMPTY.EMPTY.EMPTY 0 /;
     PARAMETER ASHAPE / EMPTY.EMPTY 0 /;
     PARAMETER ASTG_CHRG / EMPTY.EMPTY.EMPTY.EMPTY 0 /;
     PARAMETER ASTG_EFF / EMPTY.EMPTY.EMPTY 0 /;
     PARAMETER ASTG_LOSS / EMPTY.EMPTY.EMPTY.EMPTY 0 /;
     PARAMETER ASTGIN_BND / EMPTY.EMPTY.EMPTY.EMPTY.EMPTY.EMPTY 0 /;
     PARAMETER ASTGOUTBND / EMPTY.EMPTY.EMPTY.EMPTY.EMPTY.EMPTY 0 /;
     PARAMETER AUC_ACT / EMPTY.EMPTY.EMPTY.EMPTY.EMPTY.EMPTY 0 /;
     PARAMETER AUC_CAP / EMPTY.EMPTY.EMPTY.EMPTY.EMPTY 0 /;
     PARAMETER AUC_COMCON / EMPTY.EMPTY.EMPTY.EMPTY.EMPTY.EMPTY 0 /;
     PARAMETER AUC_COMNET / EMPTY.EMPTY.EMPTY.EMPTY.EMPTY.EMPTY 0 /;
     PARAMETER AUC_COMPRD / EMPTY.EMPTY.EMPTY.EMPTY.EMPTY.EMPTY 0 /;
* 31MAR2010 - 3 new cumulative parameters: UC_CUMACT, UC_CUMCOM x NET/PRD, UC_CUMFLO 
     PARAMETER AUC_CUMACT / EMPTY.EMPTY.EMPTY.EMPTY.EMPTY 0 /;
     PARAMETER AUC_CUMCOMNET / EMPTY.EMPTY.EMPTY.EMPTY.EMPTY 0 /;
     PARAMETER AUC_CUMCOMPRD / EMPTY.EMPTY.EMPTY.EMPTY.EMPTY 0 /;
     PARAMETER AUC_CUMFLO / EMPTY.EMPTY.EMPTY.EMPTY.EMPTY.EMPTY 0 /;
     PARAMETER AUC_FLO / EMPTY.EMPTY.EMPTY.EMPTY.EMPTY.EMPTY.EMPTY 0 /;
     PARAMETER AUC_IRE / EMPTY.EMPTY.EMPTY.EMPTY.EMPTY.EMPTY.EMPTY.EMPTY 0 /;
     PARAMETER AUC_MARKET / EMPTY.EMPTY.EMPTY.EMPTY.EMPTY.EMPTY 0 /;
     PARAMETER AUC_NCAP / EMPTY.EMPTY.EMPTY.EMPTY.EMPTY 0 /;
     PARAMETER AUC_RHS / EMPTY.EMPTY 0 /;
     PARAMETER AUC_RHSR / EMPTY.EMPTY.EMPTY 0 /;
     PARAMETER AUC_RHSRT / EMPTY.EMPTY.EMPTY.EMPTY 0 /;
     PARAMETER AUC_RHSRTS / EMPTY.EMPTY.EMPTY.EMPTY.EMPTY 0 /;
     PARAMETER AUC_RHST / EMPTY.EMPTY.EMPTY 0 /;
     PARAMETER AUC_RHSTS / EMPTY.EMPTY.EMPTY.EMPTY 0 /;
     PARAMETER AUC_TIME / EMPTY.EMPTY.EMPTY 0 /;
* 4APR2014 - new TID parameter in ANSWER to handle new TIMES set UC_TSL(r,uc_n,side,tslvl)
*            needed to specify Dynamic User Constraint between Successive TimeSlices 
     PARAMETER AUC_TSL / EMPTY.EMPTY.EMPTY.EMPTY 0 /;
*
     PARAMETER AVDA_EMCB / EMPTY.EMPTY.EMPTY.EMPTY 0 /;
     PARAMETER AVDA_FLOP / EMPTY.EMPTY.EMPTY.EMPTY.EMPTY 0 /;

*============================================================================*

*Additions for ETL

$IF NOT '%ETL%' == 'YES' $GOTO NOETL
     PARAMETER ATEG / EMPTY 0 /;
     PARAMETER ACCAP0 / EMPTY.EMPTY 0 /;
     PARAMETER ACCAPM / EMPTY.EMPTY 0 /;
     PARAMETER APRAT / EMPTY.EMPTY 0 /;
     PARAMETER ASC0 / EMPTY.EMPTY 0 /;
     PARAMETER ASEG / EMPTY.EMPTY 0 /;
$LABEL NOETL

*============================================================================*

*OCT2007 - Handling of SET AGE and SET J.
*          ANSWER puts out A001 etc, S001 etc that need to be mapped to members of SET AGE, J respectively.
SET ANSAGE / A001*A200 /;
$INCLUDE ANSAGE_AGE.ANS

SET ANSJ / S001*S100 /;
$INCLUDE ANSJ_J.ANS

*============================================================================*

*Additions for Discrete Capacity Investment

$IF NOT '%DSC%' == 'YES' $GOTO NODSC
     PARAMETER APRC_DSCNCAP / EMPTY.EMPTY 0 /;
     PARAMETER ANCAP_DISC / EMPTY.EMPTY.EMPTY.EMPTY 0 /;
     PARAMETER ANCAP_SEMI / EMPTY.EMPTY.EMPTY 0 /;
*     SET ANSUNIT / U000*U100 /;
     SET ANSUNIT / U001*U100 /;
$    INCLUDE ANSU_UNIT.ANS
$LABEL NODSC

*============================================================================*

*Additions for Climate

$IF NOT '%CLI%' == 'YES' $GOTO NOCLIMATE
$    INCLUDE MMINIT_CLI.ANS
$LABEL NOCLIMATE

*============================================================================*

*Additions for Stochastics

$IF NOT '%STAGES%' == 'YES' $GOTO NOSTOCH
$    INCLUDE MMINIT_STC.ANS
$LABEL NOSTOCH

*============================================================================*

*Additions for MACRO

$IF '%MACRO%' == 'N' $GOTO NOMACRO
$    INCLUDE MMINIT_MACRO.ANS
$LABEL NOMACRO

*============================================================================*

*Additions for Discrete Capacity Retirement
     PARAMETER APRC_RCAP / EMPTY.EMPTY 0 /;
$IF '%RETIRE%' == 'NO' $GOTO NORETIRE
     PARAMETER ANCAPOLIFE / EMPTY.EMPTY.EMPTY 0 /;
* 27AUG2011 - remove phantom entry for APRC_RCAP and use $IF DEFINED in ANS2GAMS.ANS
*     PARAMETER APRC_RCAP(*,*);
     PARAMETER ARCAP_BLKP / EMPTY.EMPTY.EMPTY 0 /;
     PARAMETER ARCAP_BLK / EMPTY.EMPTY.EMPTY 0 /;
     PARAMETER ARCAP_BND / EMPTY.EMPTY.EMPTY.EMPTY 0 /;
$LABEL NORETIRE

*============================================================================*

* 22MAR2016 Additions for Dispatching Feature

     PARAMETER AACT_CSTUP / EMPTY.EMPTY.EMPTY.EMPTY 0 /;

     PARAMETER AACT_CSTPL / EMPTY.EMPTY.EMPTY 0 /;
     PARAMETER AACT_LOSPL / EMPTY.EMPTY.EMPTY.EMPTY 0 /;
     PARAMETER AACT_TIME / EMPTY.EMPTY.EMPTY.EMPTY 0 /;

* 08APR2016 new attribute ACT_MINLD
     PARAMETER AACT_MINLD / EMPTY.EMPTY.EMPTY 0 /;

* 30JUL2016 new attributes ACT_CSTSD, ACT_CSTRMP, ACT_MAXNON, ACT_SDTIME, ACT_LOSSD

     PARAMETER AACT_CSTSD / EMPTY.EMPTY.EMPTY.EMPTY.EMPTY 0 /;
     PARAMETER AACT_CSTRMP / EMPTY.EMPTY.EMPTY.EMPTY 0 /;

     PARAMETER AACT_MAXNON / EMPTY.EMPTY.EMPTY.EMPTY 0 /;
     PARAMETER AACT_SDTIME / EMPTY.EMPTY.EMPTY.EMPTY.EMPTY 0 /;
     PARAMETER AACT_LOSSD / EMPTY.EMPTY.EMPTY.EMPTY.EMPTY 0 /;

*============================================================================*

* 21MAR2017 - New Attribute PRC_REFIT


     PARAMETER APRC_REFIT / EMPTY.EMPTY.EMPTY 0 /;

* 22MAR2017 - Additional changes suggested by Antti Lehtila
     SET PRC_GRP / REFIT 'Retrofit or life extension option' /;
        

*============================================================================*

* 17APR2019 - New Attributes TS_CYCLE and STG_SIFT

     PARAMETER ATS_CYCLE / EMPTY.EMPTY 0 /;
     PARAMETER ASTG_SIFT / EMPTY.EMPTY.EMPTY.EMPTY.EMPTY 0 /;

*============================================================================*